2026-06-20 07:32:10 Loaded main app package /usr/lib/obsidian/obsidian.asar
2026-06-20 07:32:10 Checking for update using Github
2026-06-20 07:32:10 Success.
2026-06-20 07:32:10 Latest version is 1.12.7
2026-06-20 07:32:10 App is up to date.
2026-06-20 07:32:28 Loaded main app package /usr/lib/obsidian/obsidian.asar
2026-06-20 07:32:28 Checking for update using Github
2026-06-20 07:32:28 Success.
2026-06-20 07:32:28 Latest version is 1.12.7
2026-06-20 07:32:28 App is up to date.
2026-06-20 07:35:19 Loaded main app package /usr/lib/obsidian/obsidian.asar
2026-06-20 07:35:20 Checking for update using Github
2026-06-20 07:35:20 Success.
2026-06-20 07:35:20 Latest version is 1.12.7
2026-06-20 07:35:20 App is up to date.
2026-06-20 09:16:25 Loaded main app package /usr/lib/obsidian/obsidian.asar
2026-06-20 09:16:25 Checking for update using Github
2026-06-20 09:16:25 Success.
2026-06-20 09:16:25 Latest version is 1.12.7
2026-06-20 09:16:25 App is up to date.
2026-06-20 09:38:34 Loaded main app package /usr/lib/obsidian/obsidian.asar
2026-06-20 09:38:35 Checking for update using Github
2026-06-20 09:38:35 Success.
2026-06-20 09:38:35 Latest version is 1.12.7
2026-06-20 09:38:35 App is up to date.
2026-07-10 16:21:24 Loaded main app package /usr/lib/obsidian/obsidian.asar
2026-07-10 16:21:24 Checking for update using Github
2026-07-10 16:21:24 Success.
2026-07-10 16:21:24 Latest version is 1.12.7
2026-07-10 16:21:24 App is up to date.
2026-07-10 17:21:24 Checking for update using Github
2026-07-10 17:21:24 Success.
2026-07-10 17:21:24 Latest version is 1.12.7
2026-07-10 17:21:24 App is up to date.
2026-07-19 12:47:40 Loaded main app package /usr/lib/obsidian/obsidian.asar
2026-07-19 12:47:41 Checking for update using Github
2026-07-19 12:47:41 Success.
2026-07-19 12:47:41 Latest version is 1.12.7
2026-07-19 12:47:41 App is up to date.
2026-07-19 13:47:40 Checking for update using Github
2026-07-19 13:47:40 Success.
2026-07-19 13:47:40 Latest version is 1.12.7
2026-07-19 13:47:40 App is up to date.
2026-07-19 14:47:40 Checking for update using Github
2026-07-19 14:47:40 Success.
2026-07-19 14:47:40 Latest version is 1.12.7
2026-07-19 14:47:40 App is up to date.
2026-07-19 15:47:40 Checking for update using Github
2026-07-19 15:47:40 Success.
2026-07-19 15:47:40 Latest version is 1.12.7
2026-07-19 15:47:40 App is up to date.
2026-07-19 16:47:41 Checking for update using Github
2026-07-19 16:47:41 Success.
2026-07-19 16:47:41 Latest version is 1.12.7
2026-07-19 16:47:41 App is up to date.
2026-07-19 17:31:59 Loaded main app package /usr/lib/obsidian/obsidian.asar
2026-07-19 17:31:59 Checking for update using Github
2026-07-19 17:31:59 Success.
2026-07-19 17:31:59 Latest version is 1.12.7
2026-07-19 17:31:59 App is up to date.
2026-07-19 17:53:47 Loaded main app package /usr/lib/obsidian/obsidian.asar
2026-07-19 17:53:47 Checking for update using Github
2026-07-19 17:53:47 Success.
2026-07-19 17:53:47 Latest version is 1.12.7
2026-07-19 17:53:47 App is up to date.
